===================================================
Begin TASK Prologue Tue Mar 31 02:49:28 PM EDT 2026
===================================================
Job ID:           33101
Username:         tuu61186
Group:            icms
Job Name:         g09_array
Resources List:   nodes=1:ppn=8:ntasks=1
Queue:            normal
Account:          default
Nodes:      c10
===================================================
End TASK Prologue Tue Mar 31 02:49:28 PM EDT 2026
===================================================
Running Conf2.com
Node: c10
CPUs: 8
Start: Tue Mar 31 02:49:29 PM EDT 2026

starting g09 C01 job 'Conf2' from 

submitting job to queue 'normal'
working directory is set to '/home/tuu61186/STEPs/4_mdgx_topology/S01'
sending output to '/home/tuu61186/STEPs/4_mdgx_topology/S01/Conf2.log'
nice is set to 19

job /home/tuu61186/STEPs/4_mdgx_topology/S01/Conf2 finished with exit status 0

cleaning up in /tmp/g09-tuu61186-221545616abfbf5d1x

removed directory '/tmp/g09-tuu61186-221545616abfbf5d1x'
End: Tue Mar 31 02:49:56 PM EDT 2026
===================================================
Begin TASK Epilogue Tue Mar 31 02:49:56 PM EDT 2026
===================================================
Job ID:           33101
Username:         tuu61186
Job Name:         g09_array
Resources List:   nodes=1:ppn=8:ntasks=1
Queue:            normal
Account:          default
Nodes:      c10
===================================================
End TASK Epilogue Tue Mar 31 02:49:56 PM EDT 2026
===================================================
