<++>-----------------------------------------------------------------------<++>
<++> mdgx: A molecular dynamics engine in the AMBER suite of programs      <++>
<++>                                                                       <++>
<++> Written by David S. Cerutti, Case Group (2009)                        <++>
<++>-----------------------------------------------------------------------<++>

Run on Mon Jun  8 05:48:09 2026
<++>-----------------------------------------------------------------------<++>

INPUT LINE TEXT:

mdgx -i test_10.mdgx 


INPUT FILE TEXT:

&files
  -p    ../../3_antechamber/S01/s01.top
  -c    ../../3_antechamber/S01/s01.crd
  -o    GenConformers.out
&end

&configs
  GridSample :1@C4 :1@N1 :1@C3 :1@C2 { -180.0 180.0 }  Krst 64.0
  GridSample :1@N1 :1@C3 :1@C2 :1@N { -180.0 180.0 }  Krst 64.0
  GridSample :1@H8 :1@C4 :1@N1 :1@C3 { -180.0 180.0 }  Krst 64.0
  GridSample :1@C6 :1@C5 :1@N1 :1@C3 { -180.0 180.0 }  Krst 64.0

  RandomSample :1@C5 :1@N1 :1@C3 {  105.0 135.0 }   Krst 256.0
  RandomSample :1@C4 :1@N1 :1@C3 {  105.0 135.0 }   Krst 256.0

  combine 1 2 3 4  
  count 10
  verbose 1

  % Controls on the quantum mechanical operations
  qmlev    'B3LYP',
  basis    '6-31G**',

  % Output controls: TAKE NOTE, this will generate a lot of files so
  % do this in a clean directory that you won't ls very often.
  write   'pdb', 'gaussian'
  outbase 'Conf', 'Conf'
  outsuff 'pdb',  'com'
&end
<++>-----------------------------------------------------------------------<++>

<++>-----------------------------------------------------------------------<++>
(1.) Energies of the initial and final states.  Units are kcal/mol.  A number 
     of statistics could be of interest here: this table tries to anticipate 
     them.

 Statistic                Mean Value    Std. Dev.   Min. Value   Max. Value  
                           (kcal/mol)   (kcal/mol)   (kcal/mol)   (kcal/mol) 
 ------------------------ ------------ ------------ ------------ ------------
 Initial E(Model) (a)          11.2841       0.0000      11.2841      11.2841
 Initial E(Restraint) (b)     425.3863     101.9469     300.9536     587.9249
 Final E(Model) (c)            14.3015       7.2560       6.3494      30.7857
 Final E(Restraint) (d)         6.8547      17.7147       0.3438      57.2132
 Delta E(Model) (e)             3.0174       7.2560      -4.9346      19.5016
 Delta E(Restraint) (f)      -418.5316     108.5602    -587.0332    -283.8280

  (a) The energies of the initial models, without the restraint energy (this 
      is an indicator of how strained the configurations were before mdgx 
      began to manipulate them).
  (b) When restraints were first applied to the initial models, these were the 
      restraint energies.
  (c) The energies of the final models, again excluding restraint energy. 
      This is an indicator of how strained the molecular configurations became 
      after manipulation.
  (d) Restraint energy needed to get the final configurations into place.
  (e) This is an indicator of the change in molecular mechanics energy. 
      E(model) will typically rise, indicating that structures became 
      distorted in response to pressure from external restraints.
  (f) The change in restraint energy.  E(restraint) will typically fall as 
      restraints force the structures into new configurations.
<++>-----------------------------------------------------------------------<++>

<++>-----------------------------------------------------------------------<++>
(2.) Convergence statistics for the run.  The first block of information 
     describes the energy minimization of ALL configurations, regardless of 
     whether they were printed.  Next, counts of configurations passing the 
     basic sanity checks are presented.  Configurations failing any one sanity 
     check are not printed.

 - Average steps to convergence:     664 +/-  369
 - Total converged configurations:     6
 - Unconverged configurations:         4

 - Average of the maximal residual force
   on NON-converged configurations:        1.801159e-03 kcal/mol-A
<++>-----------------------------------------------------------------------<++>

<++>-----------------------------------------------------------------------<++>
(3.) Basic sanity checks.  If a configuration fails these tests, it was not 
     printed out for further consideration but the reasons it failed will be 
     summarized here.  The tests are that, first, no bond of a configuration 
     may be strained more than 10.00 kcal/mol.  Furthermore, no angle may be 
     strained more than 10.00 kcal/mol.  Finally, the maximum tolerated 
     restraint energy (summed over all restraints) is 200.00 kcal/mol. If any 
     of these tests seem too stringent or not tight enough, the thresholds may 
     be changed in the &configs namelist.

 - Configurations passing all sanity checks:         10
 - Configurations failing bond sanity check:          0
 - Configurations failing angle sanity check:         0
 - Configurations failing restraint sanity check:     0

<++>-----------------------------------------------------------------------<++>
